app/api/upload/v2/route.ts(261,24): error TS2339: Property 'originalFilename' does not exist on type 'File'.
app/generate/page.tsx(1802,64): error TS2339: Property 'text' does not exist on type 'never'.
app/image-editor/page.tsx(14,3): error TS2724: '"lucide-react"' has no exported member named 'Compress'. Did you mean 'Compass'?
app/image-editor/page.tsx(23,22): error TS2307: Cannot find module 'use-image' or its corresponding type declarations.
app/projects/[projectId]/page.tsx(48,23): error TS2304: Cannot find name 'useCallback'.
app/projects/shared/[shareToken]/page.tsx(31,29): error TS2304: Cannot find name 'useCallback'.
components/chat/ChatDetailPage.tsx(100,88): error TS2677: A type predicate's type must be assignable to its parameter's type.
  Type '{ url: string; mimeType: string; base64?: string; filename: string; }' is not assignable to type '{ url: any; mimeType: any; base64: any; filename: any; }'.
    Property 'base64' is optional in type '{ url: string; mimeType: string; base64?: string; filename: string; }' but required in type '{ url: any; mimeType: any; base64: any; filename: any; }'.
components/chat/ChatLayout.tsx(523,7): error TS2322: Type '{ url: string; mimeType: string; base64?: string; filename: string; }[]' is not assignable to type 'string[]'.
  Type '{ url: string; mimeType: string; base64?: string; filename: string; }' is not assignable to type 'string'.
components/upload/FileUploader.tsx(136,55): error TS2802: Type 'Uint8Array<ArrayBuffer>' can only be iterated through when using the '--downlevelIteration' flag or with a '--target' of 'es2015' or higher.
lib/ai-router.ts(611,42): error TS2345: Argument of type '{ prompt: any; negativePrompt: any; width: any; height: any; }' is not assignable to parameter of type 'ImageGenerationRequest'.
  Property 'count' is missing in type '{ prompt: any; negativePrompt: any; width: any; height: any; }' but required in type 'ImageGenerationRequest'.
lib/ai-router.ts(674,44): error TS2345: Argument of type '{ prompt: any; negativePrompt: any; width: any; height: any; }' is not assignable to parameter of type 'ImageGenerationRequest'.
  Property 'count' is missing in type '{ prompt: any; negativePrompt: any; width: any; height: any; }' but required in type 'ImageGenerationRequest'.
lib/ai-router.ts(836,35): error TS2322: Type 'Buffer<ArrayBufferLike>' is not assignable to type 'BlobPart'.
  Type 'Buffer<ArrayBufferLike>' is not assignable to type 'ArrayBufferView<ArrayBuffer>'.
    Types of property 'buffer' are incompatible.
      Type 'ArrayBufferLike' is not assignable to type 'ArrayBuffer'.
        Type 'SharedArrayBuffer' is missing the following properties from type 'ArrayBuffer': resizable, resize, detached, transfer, transferToFixedLength
lib/ai-router.ts(861,17): error TS2339: Property 'tasks' does not exist on type 'AIRouter'.
lib/cache.ts(52,31): error TS2802: Type 'MapIterator<[string, { data: any; expiry: number; }]>' can only be iterated through when using the '--downlevelIteration' flag or with a '--target' of 'es2015' or higher.
lib/image-editor.ts(71,27): error TS2769: No overload matches this call.
  Overload 1 of 2, '(options?: SharpenOptions): Sharp', gave the following error.
    Object literal may only specify known properties, and 'flat' does not exist in type 'SharpenOptions'.
  Overload 2 of 2, '(sigma?: number, flat?: number, jagged?: number): Sharp', gave the following error.
    Argument of type '{ sigma: number; flat: number; jagged: number; }' is not assignable to parameter of type 'number'.
lib/metadata-extractor.ts(303,25): error TS2802: Type 'RegExpStringIterator<RegExpExecArray>' can only be iterated through when using the '--downlevelIteration' flag or with a '--target' of 'es2015' or higher.
lib/metadata-extractor.ts(308,25): error TS2802: Type 'RegExpStringIterator<RegExpExecArray>' can only be iterated through when using the '--downlevelIteration' flag or with a '--target' of 'es2015' or higher.
lib/metadata-extractor.ts(316,25): error TS2802: Type 'RegExpStringIterator<RegExpExecArray>' can only be iterated through when using the '--downlevelIteration' flag or with a '--target' of 'es2015' or higher.
lib/metadata-extractor.ts(321,14): error TS2802: Type 'Set<string>' can only be iterated through when using the '--downlevelIteration' flag or with a '--target' of 'es2015' or higher.
lib/moderation/video.ts(158,25): error TS2802: Type 'Set<string>' can only be iterated through when using the '--downlevelIteration' flag or with a '--target' of 'es2015' or higher.
lib/moderation/video.ts(169,25): error TS2802: Type 'Set<string>' can only be iterated through when using the '--downlevelIteration' flag or with a '--target' of 'es2015' or higher.
